// Jest Snapshot v1, https://goo.gl/fbAQLP

exports[`Test Case For WeatherPage renders the WeatherPage component 1`] = `ShallowWrapper {}`;
