// Jest Snapshot v1, https://goo.gl/fbAQLP

exports[`Test Case For App renders the APP component 1`] = `ShallowWrapper {}`;
